// Vitest Snapshot v1, https://vitest.dev/guide/snapshot.html

exports[`locale catalogs > keeps a snapshot of which values carry significant leading/trailing whitespace, per locale 1`] = `[]`;

exports[`locale catalogs > keeps a snapshot of which values carry significant leading/trailing whitespace, per locale 2`] = `[]`;

exports[`locale catalogs > keeps a snapshot of which values carry significant leading/trailing whitespace, per locale 3`] = `[]`;

exports[`locale catalogs > keeps a snapshot of which values carry significant leading/trailing whitespace, per locale 4`] = `[]`;

exports[`locale catalogs > keeps a snapshot of which values carry significant leading/trailing whitespace, per locale 5`] = `
[
  "tree.offlineSuffix",
]
`;

exports[`locale catalogs > keeps a snapshot of which values carry significant leading/trailing whitespace, per locale 6`] = `[]`;

exports[`locale catalogs > keeps a snapshot of which values carry significant leading/trailing whitespace, per locale 7`] = `[]`;

exports[`locale catalogs > keeps a snapshot of which values carry significant leading/trailing whitespace, per locale 8`] = `
[
  "ssh.hostKeyNoteSuffix",
]
`;

exports[`locale catalogs > keeps a snapshot of which values carry significant leading/trailing whitespace, per locale 9`] = `[]`;

exports[`locale catalogs > keeps a snapshot of which values carry significant leading/trailing whitespace, per locale 10`] = `
[
  "tree.offlineSuffix",
]
`;
